// Jest Snapshot v1, https://goo.gl/fbAQLP

exports[`UserPage Renders link to Google 1`] = `ShallowWrapper {}`;
